STM32F103x6_EXTI_Driver.c:20:6:Enable_NVIC	16	static
STM32F103x6_EXTI_Driver.c:57:6:Disable_NVIC	16	static
STM32F103x6_EXTI_Driver.c:94:6:Update_EXTI	24	static
STM32F103x6_EXTI_Driver.c:155:7:MCAL_EXTI_init	16	static
STM32F103x6_EXTI_Driver.c:170:6:MCAL_EXTI_Deinit	4	static
STM32F103x6_EXTI_Driver.c:202:6:MCAL_EXTI_Update	16	static
STM32F103x6_EXTI_Driver.c:212:6:EXTI0_IRQHandler	8	static
STM32F103x6_EXTI_Driver.c:219:6:EXTI1_IRQHandler	8	static
STM32F103x6_EXTI_Driver.c:226:6:EXTI2_IRQHandler	8	static
STM32F103x6_EXTI_Driver.c:232:6:EXTI3_IRQHandler	8	static
STM32F103x6_EXTI_Driver.c:238:6:EXTI4_IRQHandler	8	static
STM32F103x6_EXTI_Driver.c:244:6:EXTI9_5_IRQHandler	8	static
STM32F103x6_EXTI_Driver.c:276:6:EXTI15_10_IRQHandler	8	static
